{
    "auxiliary scripts": null,
    "certificates": null,
    "collateral inputs": [],
    "era": "Babbage",
    "fee": "190279 Lovelace",
    "inputs": [
        "dd104594a4931043f7ef36013f242d4970b9a29fc6b830287da8d76672aa94f7#0"
    ],
    "metadata": {
        "1": "foo",
        "2": "bar",
        "3": "baz",
        "5": "cardano",
        "6": "rules"
    },
    "mint": null,
    "outputs": [
        {
            "address": "addr_test1vqr5aky0nwt8ew90naqhc8el0xfnmy5xvnerzm0r2w6g9tcsug7hk",
            "address era": "Shelley",
            "amount": {
                "lovelace": 999809721
            },
            "network": "Testnet",
            "payment credential key hash": "074ed88f9b967cb8af9f417c1f3f79933d928664f2316de353b482af",
            "reference script": null,
            "stake reference": null
        }
    ],
    "redeemers": [],
    "reference inputs": [],
    "required signers (payment key hashes needed for scripts)": null,
    "return collateral": null,
    "total collateral": null,
    "update proposal": null,
    "validity range": {
        "lower bound": null,
        "upper bound": null
    },
    "withdrawals": null
}
