{
    "auxiliary scripts": null,
    "certificates": null,
    "collateral inputs": [],
    "datums": [],
    "era": "Babbage",
    "fee": "190279 Lovelace",
    "inputs": [
        "dd104594a4931043f7ef36013f242d4970b9a29fc6b830287da8d76672aa94f7#0"
    ],
    "metadata": {
        "1": "foo",
        "2": "bar",
        "3": "baz",
        "5": "cardano",
        "6": "rules"
    },
    "mint": null,
    "outputs": [
        {
            "address": "addr_test1vqr5aky0nwt8ew90naqhc8el0xfnmy5xvnerzm0r2w6g9tcsug7hk",
            "address era": "Shelley",
            "amount": {
                "lovelace": 999809721
            },
            "network": "Testnet",
            "payment credential key hash": "074ed88f9b967cb8af9f417c1f3f79933d928664f2316de353b482af",
            "reference script": null,
            "stake reference": null
        }
    ],
    "redeemers": [],
    "reference inputs": [],
    "required signers (payment key hashes needed for scripts)": null,
    "return collateral": null,
    "scripts": [],
    "total collateral": null,
    "update proposal": null,
    "validity range": {
        "lower bound": null,
        "upper bound": null
    },
    "withdrawals": null,
    "witnesses": [
        {
            "key": "VKey (VerKeyEd25519DSIGN \"c1e17fce61b04af4db756abc51c5079c1fe2ebeeb6b8aeb7d0f5befbd95dc597\")",
            "signature": "SignedDSIGN (SigEd25519DSIGN \"c4e90ada7bdd904ce91eb529a1c2047c88b54c0dd7d72afd3d452d065eca4bb3f66d3338cd23a4cf34954e6247812b2220c0a7828e9cf8492b9d71a4f39e3a0b\")"
        }
    ]
}
